---
source: crates/codegen/xai-grok-pager/src/views/providers_modal.rs
expression: list
---
               ┌─ Providers ─────────────────────────────────────────────────────────── [✗] ─┐
               │                                                                             │
               │  Configure model providers. Keys are masked and are never written to confi  │
               │  ChatGPT subscription model overrides                                       │
               │  › GPT-5.6 Sol · 272000 tokens · compact @ 85%                              │
               │  Enter context window · a compact threshold · x clear · Esc back            │
               │                                                                             │
               │                                                                             │
               │                                                                             │
               │                                                                             │
               │                                                                             │
               │                                                                             │
               │                                                                             │
               │                                                                             │
               │                                                                             │
               │                                                                             │
               │                                                                             │
               │                                                                             │
               │                                                                             │
               │                                                                             │
               │          ↵ context window  |  a threshold  |  x clear  |  Esc back          │
               └─────────────────────────────────────────────────────────────────────────────┘
