---
source: crates/codegen/xai-grok-pager/src/views/providers_modal.rs
expression: editing
---
               ┌─ Providers ─────────────────────────────────────────────────────────── [✗] ─┐
               │                                                                             │
               │  Configure model providers. Keys are masked and are never written to confi  │
               │  ChatGPT subscription context windows                                       │
               │  › GPT-5.6 Sol · 272000 tokens                                              │
               │  Context window: 300000                                                     │
               │  Enter saves · Esc cancels · 8,000–1,050,000 tokens                         │
               │  OpenAI may apply long-context limits or pricing to this subscription.      │
               │                                                                             │
               │                                                                             │
               │                                                                             │
               │                                                                             │
               │                                                                             │
               │                                                                             │
               │                                                                             │
               │                                                                             │
               │                                                                             │
               │                                                                             │
               │                                                                             │
               │                                                                             │
               │                            ↵ save  |  Esc cancel                            │
               └─────────────────────────────────────────────────────────────────────────────┘
